// Jest Snapshot v1, https://goo.gl/fbAQLP

exports[`pipeline without aws credentials 1`] = `
"# AUTOMATICALLY GENERATED FILE, DO NOT EDIT MANUALLY.
# Generated by AWS CDK and [cdk-pipelines-github](https://github.com/cdklabs/cdk-pipelines-github)

name: deploy
on:
  push:
    branches:
      - main
  workflow_dispatch: {}
jobs:
  Build-Build:
    name: Synthesize
    permissions:
      contents: read
      id-token: none
    runs-on: ubuntu-latest
    needs: []
    env: {}
    steps:
      - name: Checkout
        uses: actions/checkout@v4
      - name: Install
        run: yarn
      - name: Build
        run: yarn build
      - name: Upload cdk.out
        uses: actions/upload-artifact@v4
        with:
          name: cdk.out
          path: cdk.out
  Assets-FileAsset1:
    name: Publish Assets Assets-FileAsset1
    needs:
      - Build-Build
    permissions:
      contents: read
      id-token: none
    runs-on: ubuntu-latest
    outputs:
      asset-hash: \${{ steps.Publish.outputs.asset-hash }}
    steps:
      - name: Download cdk.out
        uses: actions/download-artifact@v4
        with:
          name: cdk.out
          path: runner-provided.cn.out
      - name: Install
        run: npm install --no-save cdk-assets
      - id: Publish
        name: Publish Assets-FileAsset1
        run: /bin/bash ./cdk.out/assembly-MyStack/publish-Assets-FileAsset1-step.sh
  MyStack-MyStack-Deploy:
    name: Deploy MyStack098574E7
    permissions:
      contents: read
      id-token: none
    needs:
      - Build-Build
      - Assets-FileAsset1
    runs-on: ubuntu-latest
    steps:
      - id: Deploy
        uses: aws-actions/aws-cloudformation-github-deploy@v1
        with:
          name: MyStack-MyStack
          template: https://cdk-hnb659fds-assets-111111111111-cn-north-1.s3.cn-north-1.amazonaws.com.cn/\${{
            needs.Assets-FileAsset1.outputs.asset-hash }}.json
          no-fail-on-empty-changeset: \\"1\\"
          role-arn: arn:aws-cn:iam::111111111111:role/cdk-hnb659fds-cfn-exec-role-111111111111-cn-north-1
"
`;
