// Jest Snapshot v1, https://goo.gl/fbAQLP

exports[`can set pre/post github action job step 1`] = `
"# AUTOMATICALLY GENERATED FILE, DO NOT EDIT MANUALLY.
# Generated by AWS CDK and [cdk-pipelines-github](https://github.com/cdklabs/cdk-pipelines-github)

name: deploy
on:
  push:
    branches:
      - main
  workflow_dispatch: {}
jobs:
  Build-Build:
    name: Synthesize
    permissions:
      contents: read
      id-token: none
    runs-on: ubuntu-latest
    needs: []
    env: {}
    steps:
      - name: Checkout
        uses: actions/checkout@v2
      - name: Install
        run: yarn
      - name: Build
        run: yarn build
      - name: Upload cdk.out
        uses: actions/upload-artifact@v2.1.1
        with:
          name: cdk.out
          path: cdk.out
  Assets-FileAsset1:
    name: Publish Assets Assets-FileAsset1
    needs:
      - Build-Build
    permissions:
      contents: read
      id-token: none
    runs-on: ubuntu-latest
    outputs:
      asset-hash: \${{ steps.Publish.outputs.asset-hash }}
    steps:
      - name: Download cdk.out
        uses: actions/download-artifact@v2
        with:
          name: cdk.out
          path: stage.out
      - name: Install
        run: npm install --no-save cdk-assets
      - name: Authenticate Via GitHub Secrets
        uses: aws-actions/configure-aws-credentials@v1
        with:
          aws-region: us-west-2
          role-duration-seconds: 1800
          role-skip-session-tagging: true
          aws-access-key-id: \${{ secrets.AWS_ACCESS_KEY_ID }}
          aws-secret-access-key: \${{ secrets.AWS_SECRET_ACCESS_KEY }}
      - id: Publish
        name: Publish Assets-FileAsset1
        run: /bin/bash ./cdk.out/publish-Assets-FileAsset1-step.sh
  MyStack-PreDeployAction:
    name: PreDeployAction
    permissions:
      contents: write
    runs-on: ubuntu-latest
    needs:
      - Build-Build
    env: {}
    steps:
      - name: pre deploy action
        uses: my-pre-deploy-action@1.0.0
        with:
          app-id: 1234
          secrets: my-secrets
  MyStack-MyStack-Deploy:
    name: Deploy MyStack098574E7
    permissions:
      contents: read
      id-token: none
    needs:
      - Build-Build
      - Assets-FileAsset1
      - MyStack-PreDeployAction
    runs-on: ubuntu-latest
    steps:
      - name: Authenticate Via GitHub Secrets
        uses: aws-actions/configure-aws-credentials@v1
        with:
          aws-region: us-east-1
          role-duration-seconds: 1800
          role-skip-session-tagging: true
          aws-access-key-id: \${{ secrets.AWS_ACCESS_KEY_ID }}
          aws-secret-access-key: \${{ secrets.AWS_SECRET_ACCESS_KEY }}
          role-to-assume: arn:aws:iam::111111111111:role/cdk-hnb659fds-deploy-role-111111111111-us-east-1
          role-external-id: Pipeline
      - id: Deploy
        uses: aws-actions/aws-cloudformation-github-deploy@v1
        with:
          name: MyStack-MyStack
          template: https://cdk-hnb659fds-assets-111111111111-us-east-1.s3.us-east-1.amazonaws.com/\${{
            needs.Assets-FileAsset1.outputs.asset-hash }}.json
          no-fail-on-empty-changeset: \\"1\\"
          role-arn: arn:aws:iam::111111111111:role/cdk-hnb659fds-cfn-exec-role-111111111111-us-east-1
  MyStack-PostDeployAction:
    name: PostDeployAction
    permissions:
      contents: write
    runs-on: ubuntu-latest
    needs:
      - MyStack-MyStack-Deploy
      - Build-Build
    env: {}
    steps:
      - name: Checkout
        uses: actions/checkout@v2
      - name: post deploy action
        uses: my-post-deploy-action@1.0.0
        with:
          app-id: 4321
          secrets: secrets
"
`;

exports[`cloudformation stack capabilities can specify multiple capabilities 1`] = `
"# AUTOMATICALLY GENERATED FILE, DO NOT EDIT MANUALLY.
# Generated by AWS CDK and [cdk-pipelines-github](https://github.com/cdklabs/cdk-pipelines-github)

name: deploy
on:
  push:
    branches:
      - main
  workflow_dispatch: {}
jobs:
  Build-Build:
    name: Synthesize
    permissions:
      contents: read
      id-token: none
    runs-on: ubuntu-latest
    needs: []
    env: {}
    steps:
      - name: Checkout
        uses: actions/checkout@v2
      - name: Install
        run: yarn
      - name: Build
        run: yarn build
      - name: Upload cdk.out
        uses: actions/upload-artifact@v2.1.1
        with:
          name: cdk.out
          path: cdk.out
  Assets-FileAsset1:
    name: Publish Assets Assets-FileAsset1
    needs:
      - Build-Build
    permissions:
      contents: read
      id-token: none
    runs-on: ubuntu-latest
    outputs:
      asset-hash: \${{ steps.Publish.outputs.asset-hash }}
    steps:
      - name: Download cdk.out
        uses: actions/download-artifact@v2
        with:
          name: cdk.out
          path: stage.out
      - name: Install
        run: npm install --no-save cdk-assets
      - name: Authenticate Via GitHub Secrets
        uses: aws-actions/configure-aws-credentials@v1
        with:
          aws-region: us-west-2
          role-duration-seconds: 1800
          role-skip-session-tagging: true
          aws-access-key-id: \${{ secrets.AWS_ACCESS_KEY_ID }}
          aws-secret-access-key: \${{ secrets.AWS_SECRET_ACCESS_KEY }}
      - id: Publish
        name: Publish Assets-FileAsset1
        run: /bin/bash ./cdk.out/publish-Assets-FileAsset1-step.sh
  MyStack-MyStack-Deploy:
    name: Deploy MyStack098574E7
    permissions:
      contents: read
      id-token: none
    needs:
      - Build-Build
      - Assets-FileAsset1
    runs-on: ubuntu-latest
    steps:
      - name: Authenticate Via GitHub Secrets
        uses: aws-actions/configure-aws-credentials@v1
        with:
          aws-region: us-east-1
          role-duration-seconds: 1800
          role-skip-session-tagging: true
          aws-access-key-id: \${{ secrets.AWS_ACCESS_KEY_ID }}
          aws-secret-access-key: \${{ secrets.AWS_SECRET_ACCESS_KEY }}
          role-to-assume: arn:aws:iam::111111111111:role/cdk-hnb659fds-deploy-role-111111111111-us-east-1
          role-external-id: Pipeline
      - id: Deploy
        uses: aws-actions/aws-cloudformation-github-deploy@v1
        with:
          name: MyStack-MyStack
          template: https://cdk-hnb659fds-assets-111111111111-us-east-1.s3.us-east-1.amazonaws.com/\${{
            needs.Assets-FileAsset1.outputs.asset-hash }}.json
          no-fail-on-empty-changeset: \\"1\\"
          capabilities: CAPABILITY_NAMED_IAM,CAPABILITY_IAM,CAPABILITY_AUTO_EXPAND
          role-arn: arn:aws:iam::111111111111:role/cdk-hnb659fds-cfn-exec-role-111111111111-us-east-1
"
`;

exports[`cloudformation stack capabilities can specify stack capabilities 1`] = `
"# AUTOMATICALLY GENERATED FILE, DO NOT EDIT MANUALLY.
# Generated by AWS CDK and [cdk-pipelines-github](https://github.com/cdklabs/cdk-pipelines-github)

name: deploy
on:
  push:
    branches:
      - main
  workflow_dispatch: {}
jobs:
  Build-Build:
    name: Synthesize
    permissions:
      contents: read
      id-token: none
    runs-on: ubuntu-latest
    needs: []
    env: {}
    steps:
      - name: Checkout
        uses: actions/checkout@v2
      - name: Install
        run: yarn
      - name: Build
        run: yarn build
      - name: Upload cdk.out
        uses: actions/upload-artifact@v2.1.1
        with:
          name: cdk.out
          path: cdk.out
  Assets-FileAsset1:
    name: Publish Assets Assets-FileAsset1
    needs:
      - Build-Build
    permissions:
      contents: read
      id-token: none
    runs-on: ubuntu-latest
    outputs:
      asset-hash: \${{ steps.Publish.outputs.asset-hash }}
    steps:
      - name: Download cdk.out
        uses: actions/download-artifact@v2
        with:
          name: cdk.out
          path: stage.out
      - name: Install
        run: npm install --no-save cdk-assets
      - name: Authenticate Via GitHub Secrets
        uses: aws-actions/configure-aws-credentials@v1
        with:
          aws-region: us-west-2
          role-duration-seconds: 1800
          role-skip-session-tagging: true
          aws-access-key-id: \${{ secrets.AWS_ACCESS_KEY_ID }}
          aws-secret-access-key: \${{ secrets.AWS_SECRET_ACCESS_KEY }}
      - id: Publish
        name: Publish Assets-FileAsset1
        run: /bin/bash ./cdk.out/publish-Assets-FileAsset1-step.sh
  MyStack-MyStack-Deploy:
    name: Deploy MyStack098574E7
    permissions:
      contents: read
      id-token: none
    needs:
      - Build-Build
      - Assets-FileAsset1
    runs-on: ubuntu-latest
    steps:
      - name: Authenticate Via GitHub Secrets
        uses: aws-actions/configure-aws-credentials@v1
        with:
          aws-region: us-east-1
          role-duration-seconds: 1800
          role-skip-session-tagging: true
          aws-access-key-id: \${{ secrets.AWS_ACCESS_KEY_ID }}
          aws-secret-access-key: \${{ secrets.AWS_SECRET_ACCESS_KEY }}
          role-to-assume: arn:aws:iam::111111111111:role/cdk-hnb659fds-deploy-role-111111111111-us-east-1
          role-external-id: Pipeline
      - id: Deploy
        uses: aws-actions/aws-cloudformation-github-deploy@v1
        with:
          name: MyStack-MyStack
          template: https://cdk-hnb659fds-assets-111111111111-us-east-1.s3.us-east-1.amazonaws.com/\${{
            needs.Assets-FileAsset1.outputs.asset-hash }}.json
          no-fail-on-empty-changeset: \\"1\\"
          capabilities: CAPABILITY_NAMED_IAM
          role-arn: arn:aws:iam::111111111111:role/cdk-hnb659fds-cfn-exec-role-111111111111-us-east-1
"
`;

exports[`github environment can specify multiple github environments 1`] = `
"# AUTOMATICALLY GENERATED FILE, DO NOT EDIT MANUALLY.
# Generated by AWS CDK and [cdk-pipelines-github](https://github.com/cdklabs/cdk-pipelines-github)

name: deploy
on:
  push:
    branches:
      - main
  workflow_dispatch: {}
jobs:
  Build-Build:
    name: Synthesize
    permissions:
      contents: read
      id-token: none
    runs-on: ubuntu-latest
    needs: []
    env: {}
    steps:
      - name: Checkout
        uses: actions/checkout@v2
      - name: Install
        run: yarn
      - name: Build
        run: yarn build
      - name: Upload cdk.out
        uses: actions/upload-artifact@v2.1.1
        with:
          name: cdk.out
          path: cdk.out
  Assets-FileAsset1:
    name: Publish Assets Assets-FileAsset1
    needs:
      - Build-Build
    permissions:
      contents: read
      id-token: none
    runs-on: ubuntu-latest
    outputs:
      asset-hash: \${{ steps.Publish.outputs.asset-hash }}
    steps:
      - name: Download cdk.out
        uses: actions/download-artifact@v2
        with:
          name: cdk.out
          path: stage.out
      - name: Install
        run: npm install --no-save cdk-assets
      - name: Authenticate Via GitHub Secrets
        uses: aws-actions/configure-aws-credentials@v1
        with:
          aws-region: us-west-2
          role-duration-seconds: 1800
          role-skip-session-tagging: true
          aws-access-key-id: \${{ secrets.AWS_ACCESS_KEY_ID }}
          aws-secret-access-key: \${{ secrets.AWS_SECRET_ACCESS_KEY }}
      - id: Publish
        name: Publish Assets-FileAsset1
        run: /bin/bash ./cdk.out/publish-Assets-FileAsset1-step.sh
  MyStage1-MyStack-Deploy:
    name: Deploy MyStage1MyStack61AF4CC5
    permissions:
      contents: read
      id-token: none
    environment: test
    needs:
      - Build-Build
      - Assets-FileAsset1
    runs-on: ubuntu-latest
    steps:
      - name: Authenticate Via GitHub Secrets
        uses: aws-actions/configure-aws-credentials@v1
        with:
          aws-region: us-east-1
          role-duration-seconds: 1800
          role-skip-session-tagging: true
          aws-access-key-id: \${{ secrets.AWS_ACCESS_KEY_ID }}
          aws-secret-access-key: \${{ secrets.AWS_SECRET_ACCESS_KEY }}
          role-to-assume: arn:aws:iam::111111111111:role/cdk-hnb659fds-deploy-role-111111111111-us-east-1
          role-external-id: Pipeline
      - id: Deploy
        uses: aws-actions/aws-cloudformation-github-deploy@v1
        with:
          name: MyStage1-MyStack
          template: https://cdk-hnb659fds-assets-111111111111-us-east-1.s3.us-east-1.amazonaws.com/\${{
            needs.Assets-FileAsset1.outputs.asset-hash }}.json
          no-fail-on-empty-changeset: \\"1\\"
          role-arn: arn:aws:iam::111111111111:role/cdk-hnb659fds-cfn-exec-role-111111111111-us-east-1
  MyStage2-MyStack-Deploy:
    name: Deploy MyStage2MyStack9B82AF96
    permissions:
      contents: read
      id-token: none
    environment: prod
    needs:
      - Build-Build
      - Assets-FileAsset1
      - MyStage1-MyStack-Deploy
    runs-on: ubuntu-latest
    steps:
      - name: Authenticate Via GitHub Secrets
        uses: aws-actions/configure-aws-credentials@v1
        with:
          aws-region: us-west-2
          role-duration-seconds: 1800
          role-skip-session-tagging: true
          aws-access-key-id: \${{ secrets.AWS_ACCESS_KEY_ID }}
          aws-secret-access-key: \${{ secrets.AWS_SECRET_ACCESS_KEY }}
          role-to-assume: arn:aws:iam::222222222222:role/cdk-hnb659fds-deploy-role-222222222222-us-west-2
          role-external-id: Pipeline
      - id: Deploy
        uses: aws-actions/aws-cloudformation-github-deploy@v1
        with:
          name: MyStage2-MyStack
          template: https://cdk-hnb659fds-assets-222222222222-us-west-2.s3.us-west-2.amazonaws.com/\${{
            needs.Assets-FileAsset1.outputs.asset-hash }}.json
          no-fail-on-empty-changeset: \\"1\\"
          role-arn: arn:aws:iam::222222222222:role/cdk-hnb659fds-cfn-exec-role-222222222222-us-west-2
"
`;

exports[`job settings can specify job settings at stage level 1`] = `
"# AUTOMATICALLY GENERATED FILE, DO NOT EDIT MANUALLY.
# Generated by AWS CDK and [cdk-pipelines-github](https://github.com/cdklabs/cdk-pipelines-github)

name: deploy
on:
  push:
    branches:
      - main
  workflow_dispatch: {}
jobs:
  Build-Build:
    name: Synthesize
    permissions:
      contents: read
      id-token: none
    runs-on: ubuntu-latest
    needs: []
    env: {}
    steps:
      - name: Checkout
        uses: actions/checkout@v2
      - name: Install
        run: yarn
      - name: Build
        run: yarn build
      - name: Upload cdk.out
        uses: actions/upload-artifact@v2.1.1
        with:
          name: cdk.out
          path: cdk.out
  Assets-FileAsset1:
    name: Publish Assets Assets-FileAsset1
    needs:
      - Build-Build
    permissions:
      contents: read
      id-token: none
    runs-on: ubuntu-latest
    outputs:
      asset-hash: \${{ steps.Publish.outputs.asset-hash }}
    steps:
      - name: Download cdk.out
        uses: actions/download-artifact@v2
        with:
          name: cdk.out
          path: stage.out
      - name: Install
        run: npm install --no-save cdk-assets
      - name: Authenticate Via GitHub Secrets
        uses: aws-actions/configure-aws-credentials@v1
        with:
          aws-region: us-west-2
          role-duration-seconds: 1800
          role-skip-session-tagging: true
          aws-access-key-id: \${{ secrets.AWS_ACCESS_KEY_ID }}
          aws-secret-access-key: \${{ secrets.AWS_SECRET_ACCESS_KEY }}
      - id: Publish
        name: Publish Assets-FileAsset1
        run: /bin/bash ./cdk.out/publish-Assets-FileAsset1-step.sh
  MyStack-MyStack-Deploy:
    name: Deploy MyStack098574E7
    if: github.repository == 'github/repo'
    permissions:
      contents: read
      id-token: none
    needs:
      - Build-Build
      - Assets-FileAsset1
    runs-on: ubuntu-latest
    steps:
      - name: Authenticate Via GitHub Secrets
        uses: aws-actions/configure-aws-credentials@v1
        with:
          aws-region: us-east-1
          role-duration-seconds: 1800
          role-skip-session-tagging: true
          aws-access-key-id: \${{ secrets.AWS_ACCESS_KEY_ID }}
          aws-secret-access-key: \${{ secrets.AWS_SECRET_ACCESS_KEY }}
          role-to-assume: arn:aws:iam::111111111111:role/cdk-hnb659fds-deploy-role-111111111111-us-east-1
          role-external-id: Pipeline
      - id: Deploy
        uses: aws-actions/aws-cloudformation-github-deploy@v1
        with:
          name: MyStack-MyStack
          template: https://cdk-hnb659fds-assets-111111111111-us-east-1.s3.us-east-1.amazonaws.com/\${{
            needs.Assets-FileAsset1.outputs.asset-hash }}.json
          no-fail-on-empty-changeset: \\"1\\"
          role-arn: arn:aws:iam::111111111111:role/cdk-hnb659fds-cfn-exec-role-111111111111-us-east-1
"
`;
