// Jest Snapshot v1, https://goo.gl/fbAQLP

exports[`yaml file comments comment at top works: commentAtTopTest.yml 1`] = `
"# Comment before

first:
  second:
    array:
      - \\"0\\"
"
`;

exports[`yaml file comments multi-line comments work: multilineCommentAtTopAndBottomTest.yml 1`] = `
"# Comment before:

#  - A
#  - B
#  - C


first:
  second:
    array:
      - \\"0\\"
"
`;
